2026-05-24T13:18:15.662+05:30  INFO 95377 --- [main] c.e.c.CampusEventsApplication            : Starting CampusEventsApplication using Java 24 with PID 95377 (/Users/vishnumashalkar/Desktop/campus-event-management-system/campus-events/target/classes started by vishnumashalkar in /Users/vishnumashalkar/Desktop/campus-event-management-system/campus-events)
2026-05-24T13:18:15.663+05:30  INFO 95377 --- [main] c.e.c.CampusEventsApplication            : No active profile set, falling back to 1 default profile: "default"
2026-05-24T13:18:22.791+05:30  INFO 95377 --- [main] c.e.c.CampusEventsApplication            : Started CampusEventsApplication in 7.279 seconds (process running for 7.532)
2026-05-24T13:20:45.924+05:30  INFO 95377 --- [http-nio-8080-exec-3] c.e.campus_events.service.EventService   : Fetching all events
2026-05-24T13:20:47.648+05:30  INFO 95377 --- [http-nio-8080-exec-4] c.e.campus_events.service.EventService   : Fetching all events
2026-05-24T13:24:35.873+05:30  INFO 95377 --- [http-nio-8080-exec-9] c.e.campus_events.service.EventService   : Fetching all events
2026-05-24T13:24:36.687+05:30  INFO 95377 --- [http-nio-8080-exec-10] c.e.campus_events.service.EventService   : Fetching all events
2026-05-24T13:24:37.344+05:30  INFO 95377 --- [http-nio-8080-exec-1] c.e.campus_events.service.EventService   : Fetching all events
2026-05-24T13:24:38.000+05:30  INFO 95377 --- [http-nio-8080-exec-1] c.e.campus_events.service.EventService   : Fetching all events
2026-05-24T13:30:16.529+05:30  INFO 95377 --- [http-nio-8080-exec-7] c.e.campus_events.service.UserService    : Login attempt: vmh@gmail.com
2026-05-24T13:30:16.934+05:30  INFO 95377 --- [http-nio-8080-exec-7] c.e.campus_events.service.UserService    : Login successful: vmh@gmail.com
2026-05-24T13:30:17.435+05:30  INFO 95377 --- [http-nio-8080-exec-3] c.e.campus_events.service.EventService   : Fetching all events
2026-05-24T13:30:18.700+05:30  INFO 95377 --- [http-nio-8080-exec-5] c.e.campus_events.service.EventService   : Fetching all events
2026-05-24T13:30:25.483+05:30  INFO 95377 --- [http-nio-8080-exec-4] c.e.campus_events.service.EventService   : Fetching all events
2026-05-24T13:30:26.852+05:30  INFO 95377 --- [http-nio-8080-exec-7] c.e.campus_events.service.EventService   : Fetching all events
2026-05-24T13:30:27.673+05:30  INFO 95377 --- [http-nio-8080-exec-10] c.e.campus_events.service.EventService   : Fetching all events
2026-05-24T13:30:28.456+05:30  INFO 95377 --- [http-nio-8080-exec-6] c.e.campus_events.service.EventService   : Fetching all events
2026-05-24T14:42:32.539+05:30  INFO 97881 --- [main] c.e.c.CampusEventsApplication            : Starting CampusEventsApplication using Java 24 with PID 97881 (/Users/vishnumashalkar/Desktop/campus-event-management-system/campus-events/target/classes started by vishnumashalkar in /Users/vishnumashalkar/Desktop/campus-event-management-system/campus-events)
2026-05-24T14:42:32.540+05:30  INFO 97881 --- [main] c.e.c.CampusEventsApplication            : No active profile set, falling back to 1 default profile: "default"
2026-05-24T14:42:41.184+05:30  INFO 97881 --- [main] c.e.c.CampusEventsApplication            : Started CampusEventsApplication in 8.796 seconds (process running for 9.06)
